// Jest Snapshot v1, https://goo.gl/fbAQLP

exports[`Testing in HeroScreen component Component should redirect to '/' if URL has not params 1`] = `""`;

exports[`Testing in HeroScreen component Component should render an hero if URL has params 1`] = `
<div
  className="container"
>
  <div
    className="row mt-5 mb-5"
  >
    <div
      className="col-4 animate__animated animate__fadeInLeft"
    >
      <img
        alt="Spider Man"
        className="img-thumbnail"
      />
    </div>
    <div
      className="col-8"
    >
      <h3>
        Spider Man
      </h3>
      <ul
        className="list-group list-group-flush"
      >
        <li
          className="list-group-item"
        >
          <b>
            Alter ego:
          </b>
          Peter Parker
        </li>
        <li
          className="list-group-item"
        >
          <b>
            Publisher:
          </b>
          Marvel Comics
        </li>
        <li
          className="list-group-item"
        >
          <b>
            First appearence:
          </b>
          Amazing Fantasy #15
        </li>
      </ul>
      <h5>
        Characters: 
      </h5>
      <p>
        Peter Parker
      </p>
      <button
        className="btn btn-outline-info"
        onClick={[Function]}
      >
        Return
      </button>
    </div>
  </div>
</div>
`;
